{
  "version": "1.5.0",
  "plugins_used": [
    {
      "name": "ArtifactoryDetector"
    },
    {
      "name": "AWSKeyDetector"
    },
    {
      "name": "AzureStorageKeyDetector"
    },
    {
      "name": "Base64HighEntropyString",
      "limit": 4.5
    },
    {
      "name": "BasicAuthDetector"
    },
    {
      "name": "CloudantDetector"
    },
    {
      "name": "DiscordBotTokenDetector"
    },
    {
      "name": "GitHubTokenDetector"
    },
    {
      "name": "GitLabTokenDetector"
    },
    {
      "name": "HexHighEntropyString",
      "limit": 3
    },
    {
      "name": "IbmCloudIamDetector"
    },
    {
      "name": "IbmCosHmacDetector"
    },
    {
      "name": "IPPublicDetector"
    },
    {
      "name": "JwtTokenDetector"
    },
    {
      "name": "KeywordDetector",
      "keyword_exclude": ""
    },
    {
      "name": "MailchimpDetector"
    },
    {
      "name": "NpmDetector"
    },
    {
      "name": "OpenAIDetector"
    },
    {
      "name": "PrivateKeyDetector"
    },
    {
      "name": "PypiTokenDetector"
    },
    {
      "name": "SendGridDetector"
    },
    {
      "name": "SlackDetector"
    },
    {
      "name": "SoftlayerDetector"
    },
    {
      "name": "SquareOAuthDetector"
    },
    {
      "name": "StripeDetector"
    },
    {
      "name": "TelegramBotTokenDetector"
    },
    {
      "name": "TwilioKeyDetector"
    }
  ],
  "filters_used": [
    {
      "path": "detect_secrets.filters.allowlist.is_line_allowlisted"
    },
    {
      "path": "detect_secrets.filters.common.is_baseline_file",
      "filename": ".secrets.baseline"
    },
    {
      "path": "detect_secrets.filters.common.is_ignored_due_to_verification_policies",
      "min_level": 2
    },
    {
      "path": "detect_secrets.filters.heuristic.is_indirect_reference"
    },
    {
      "path": "detect_secrets.filters.heuristic.is_likely_id_string"
    },
    {
      "path": "detect_secrets.filters.heuristic.is_lock_file"
    },
    {
      "path": "detect_secrets.filters.heuristic.is_not_alphanumeric_string"
    },
    {
      "path": "detect_secrets.filters.heuristic.is_potential_uuid"
    },
    {
      "path": "detect_secrets.filters.heuristic.is_prefixed_with_dollar_sign"
    },
    {
      "path": "detect_secrets.filters.heuristic.is_sequential_string"
    },
    {
      "path": "detect_secrets.filters.heuristic.is_swagger_file"
    },
    {
      "path": "detect_secrets.filters.heuristic.is_templated_secret"
    }
  ],
  "results": {
    "docs/operations/dashboard-deploy-automation.md": [
      {
        "type": "Secret Keyword",
        "filename": "docs/operations/dashboard-deploy-automation.md",
        "hashed_secret": "758f01d676c29ed77a2500680b14fa7449c02971",
        "is_verified": false
      },
      {
        "type": "Secret Keyword",
        "filename": "docs/operations/dashboard-deploy-automation.md",
        "hashed_secret": "d4ff30a40cfb786eaa856038231467ac82aed89b",
        "is_verified": false
      }
    ],
    "docs/readiness/tech-debt-baseline.json": [
      {
        "type": "Hex High Entropy String",
        "filename": "docs/readiness/tech-debt-baseline.json",
        "hashed_secret": "19ac2229c29f5458e20ee432e58d3fa46929fe50",
        "is_verified": false
      },
      {
        "type": "Hex High Entropy String",
        "filename": "docs/readiness/tech-debt-baseline.json",
        "hashed_secret": "54106aca3a34c94e718b0cf11c878a2ab530de1c",
        "is_verified": false
      },
      {
        "type": "Hex High Entropy String",
        "filename": "docs/readiness/tech-debt-baseline.json",
        "hashed_secret": "7140243979d910608144093350684ac3ef2c6d3d",
        "is_verified": false
      },
      {
        "type": "Hex High Entropy String",
        "filename": "docs/readiness/tech-debt-baseline.json",
        "hashed_secret": "73c05e1de5e8d40f327a2be28d94fb52ffceb5e4",
        "is_verified": false
      },
      {
        "type": "Hex High Entropy String",
        "filename": "docs/readiness/tech-debt-baseline.json",
        "hashed_secret": "881d16424aefb85ec57a026562ab9625b1a96c30",
        "is_verified": false
      },
      {
        "type": "Hex High Entropy String",
        "filename": "docs/readiness/tech-debt-baseline.json",
        "hashed_secret": "986e8d2021092983cc28bb3aff532c45cd0ac0f0",
        "is_verified": false
      },
      {
        "type": "Hex High Entropy String",
        "filename": "docs/readiness/tech-debt-baseline.json",
        "hashed_secret": "a92d1673ba7a58f68ba0d00f8eed0c21b9e692e6",
        "is_verified": false
      },
      {
        "type": "Hex High Entropy String",
        "filename": "docs/readiness/tech-debt-baseline.json",
        "hashed_secret": "b1d928ac268e9cf8eb55ef6846f15edbcaba93bf",
        "is_verified": false
      },
      {
        "type": "Hex High Entropy String",
        "filename": "docs/readiness/tech-debt-baseline.json",
        "hashed_secret": "bc03d52546833b54ca467386f936769c25aa7367",
        "is_verified": false
      },
      {
        "type": "Hex High Entropy String",
        "filename": "docs/readiness/tech-debt-baseline.json",
        "hashed_secret": "be146b1a7bafeb4d1bd882aabffcb3359c272d2f",
        "is_verified": false
      },
      {
        "type": "Hex High Entropy String",
        "filename": "docs/readiness/tech-debt-baseline.json",
        "hashed_secret": "cd4f1bd5f0374ffb7d469b64ab749b0953a398d8",
        "is_verified": false
      },
      {
        "type": "Hex High Entropy String",
        "filename": "docs/readiness/tech-debt-baseline.json",
        "hashed_secret": "e116131114b894773226298c4f2301c9a144857b",
        "is_verified": false
      },
      {
        "type": "Hex High Entropy String",
        "filename": "docs/readiness/tech-debt-baseline.json",
        "hashed_secret": "f88dfa84e268b9a0c59354e386a4d25b41aedb0d",
        "is_verified": false
      }
    ],
    "docs/superpowers/plans/2026-05-03-protocol-asset-tracking.md": [
      {
        "type": "Secret Keyword",
        "filename": "docs/superpowers/plans/2026-05-03-protocol-asset-tracking.md",
        "hashed_secret": "a62f2225bf70bfaccbc7f1ef2a397836717377de",
        "is_verified": false
      }
    ],
    "src/config/operator-btc-addresses.mjs": [
      {
        "type": "Base64 High Entropy String",
        "filename": "src/config/operator-btc-addresses.mjs",
        "hashed_secret": "2603104c249c9cb58196327b1bf4aa1f0f267c81",
        "is_verified": false
      },
      {
        "type": "Base64 High Entropy String",
        "filename": "src/config/operator-btc-addresses.mjs",
        "hashed_secret": "9d19ffa7dc2031e565d99fbe2979373cac86f6e0",
        "is_verified": false
      }
    ],
    "src/config/strategy-pause-state.mjs": [
      {
        "type": "Hex High Entropy String",
        "filename": "src/config/strategy-pause-state.mjs",
        "hashed_secret": "c01d56509cd4657aa9914c5376e20d169595a8b2",
        "is_verified": false
      },
      {
        "type": "Hex High Entropy String",
        "filename": "src/config/strategy-pause-state.mjs",
        "hashed_secret": "cd2c11adf5d55ac659ef0878a12ea226257928c8",
        "is_verified": false
      }
    ],
    "src/llm/context-pack.mjs": [
      {
        "type": "Private Key",
        "filename": "src/llm/context-pack.mjs",
        "hashed_secret": "1348b145fa1a555461c1b790a2f66614781091e9",
        "is_verified": false
      }
    ],
    "test/address-scan-api.test.mjs": [
      {
        "type": "Secret Keyword",
        "filename": "test/address-scan-api.test.mjs",
        "hashed_secret": "3acfb2c2b433c0ea7ff107e33df91b18e52f960f",
        "is_verified": false
      }
    ],
    "test/auto-promotion-dashboard-summary.test.mjs": [
      {
        "type": "Secret Keyword",
        "filename": "test/auto-promotion-dashboard-summary.test.mjs",
        "hashed_secret": "d7dc0162ab3a728e5ef76533ba4f483ed02d7d73",
        "is_verified": false
      }
    ],
    "test/btc-local-signer.test.mjs": [
      {
        "type": "Base64 High Entropy String",
        "filename": "test/btc-local-signer.test.mjs",
        "hashed_secret": "d885e54902dd07c0b28c9d739dcc598fdfdd374b",
        "is_verified": false
      },
      {
        "type": "Base64 High Entropy String",
        "filename": "test/btc-local-signer.test.mjs",
        "hashed_secret": "dde41ef3341b51c31d7ef3749d2fd113e71b6407",
        "is_verified": false
      }
    ],
    "test/capital-audit.test.mjs": [
      {
        "type": "Hex High Entropy String",
        "filename": "test/capital-audit.test.mjs",
        "hashed_secret": "55ac281d135cd79cdb2c1da2fa763891cb7622f0",
        "is_verified": false
      },
      {
        "type": "Hex High Entropy String",
        "filename": "test/capital-audit.test.mjs",
        "hashed_secret": "e4b8d2f4d10d015dc174b0f6edb9f8289a7a3a38",
        "is_verified": false
      }
    ],
    "test/codex-llm.test.mjs": [
      {
        "type": "Private Key",
        "filename": "test/codex-llm.test.mjs",
        "hashed_secret": "1348b145fa1a555461c1b790a2f66614781091e9",
        "is_verified": false
      },
      {
        "type": "Secret Keyword",
        "filename": "test/codex-llm.test.mjs",
        "hashed_secret": "22fa21c779b12a454bb4cf2fd7f639a5c1ed7f86",
        "is_verified": false
      },
      {
        "type": "Secret Keyword",
        "filename": "test/codex-llm.test.mjs",
        "hashed_secret": "373648604013efa6cf3be1c8f999cb9bd1543ef0",
        "is_verified": false
      },
      {
        "type": "Secret Keyword",
        "filename": "test/codex-llm.test.mjs",
        "hashed_secret": "ae182e0b8e4f090f6620e03825b9b9e35c972429",
        "is_verified": false
      }
    ],
    "test/dashboard-live-slices.test.mjs": [
      {
        "type": "Hex High Entropy String",
        "filename": "test/dashboard-live-slices.test.mjs",
        "hashed_secret": "838b1263b60029f5ea534b532d270a1d237b1434",
        "is_verified": false
      }
    ],
    "test/error-tracking.test.mjs": [
      {
        "type": "Secret Keyword",
        "filename": "test/error-tracking.test.mjs",
        "hashed_secret": "05fdd261dcba59aa7441ca87fbdecb08de1cdd55",
        "is_verified": false
      },
      {
        "type": "Secret Keyword",
        "filename": "test/error-tracking.test.mjs",
        "hashed_secret": "76272dc4faf660733711f58c736830d27159fb55",
        "is_verified": false
      },
      {
        "type": "Secret Keyword",
        "filename": "test/error-tracking.test.mjs",
        "hashed_secret": "7f163ce37a90ef99a085951e4e2a8f262739ea34",
        "is_verified": false
      },
      {
        "type": "Base64 High Entropy String",
        "filename": "test/error-tracking.test.mjs",
        "hashed_secret": "9d19ffa7dc2031e565d99fbe2979373cac86f6e0",
        "is_verified": false
      }
    ],
    "test/evm-local-signer.test.mjs": [
      {
        "type": "Secret Keyword",
        "filename": "test/evm-local-signer.test.mjs",
        "hashed_secret": "0738417b55905d283958aad3214022b2cf393911",
        "is_verified": false
      }
    ],
    "test/gateway-btc-onramp.test.mjs": [
      {
        "type": "Base64 High Entropy String",
        "filename": "test/gateway-btc-onramp.test.mjs",
        "hashed_secret": "2603104c249c9cb58196327b1bf4aa1f0f267c81",
        "is_verified": false
      }
    ],
    "test/log-scrubber.test.mjs": [
      {
        "type": "Secret Keyword",
        "filename": "test/log-scrubber.test.mjs",
        "hashed_secret": "07a5e0afcf24d2cbb35cf63804826fd8941cd1b9",
        "is_verified": false
      }
    ],
    "test/logger.test.mjs": [
      {
        "type": "Secret Keyword",
        "filename": "test/logger.test.mjs",
        "hashed_secret": "c0c33c9849ff0246d4c968921b97c9c1dcf91022",
        "is_verified": false
      },
      {
        "type": "Secret Keyword",
        "filename": "test/logger.test.mjs",
        "hashed_secret": "c6074a378f5827b9b90f58db5f32dc5530179aef",
        "is_verified": false
      },
      {
        "type": "Secret Keyword",
        "filename": "test/logger.test.mjs",
        "hashed_secret": "f50aea7d543ba59c7392b1af562bccd9628bf77d",
        "is_verified": false
      }
    ],
    "test/one-inch.test.mjs": [
      {
        "type": "Secret Keyword",
        "filename": "test/one-inch.test.mjs",
        "hashed_secret": "3acfb2c2b433c0ea7ff107e33df91b18e52f960f",
        "is_verified": false
      },
      {
        "type": "Secret Keyword",
        "filename": "test/one-inch.test.mjs",
        "hashed_secret": "ed65c049bb2f78ee4f703b2158ba9cc6ea31fb7e",
        "is_verified": false
      }
    ],
    "test/release-notes-generator.test.mjs": [
      {
        "type": "Hex High Entropy String",
        "filename": "test/release-notes-generator.test.mjs",
        "hashed_secret": "e4f91dd323bac5bfc4f60a6e433787671dc2421d",
        "is_verified": false
      },
      {
        "type": "Hex High Entropy String",
        "filename": "test/release-notes-generator.test.mjs",
        "hashed_secret": "ff998abc1ce6d8f01a675fa197368e44c8916e9c",
        "is_verified": false
      }
    ],
    "test/secret-scanning-readiness.test.mjs": [
      {
        "type": "Secret Keyword",
        "filename": "test/secret-scanning-readiness.test.mjs",
        "hashed_secret": "ecb252044b5ea0f679ee78ec1a12904739e2904d",
        "is_verified": false
      }
    ],
    "test/security-review-report.test.mjs": [
      {
        "type": "Secret Keyword",
        "filename": "test/security-review-report.test.mjs",
        "hashed_secret": "19e1f5e796853aa92cbc27f6f8b2cbef59e6e116",
        "is_verified": false
      }
    ],
    "test/trace-context.test.mjs": [
      {
        "type": "Secret Keyword",
        "filename": "test/trace-context.test.mjs",
        "hashed_secret": "01bc711fa8c8ac4ba7eab82879a317b0368231ff",
        "is_verified": false
      },
      {
        "type": "Hex High Entropy String",
        "filename": "test/trace-context.test.mjs",
        "hashed_secret": "125fbc14773f228e72f16d55be21bad750d30b19",
        "is_verified": false
      }
    ]
  },
  "generated_at": "2026-05-14T20:11:11Z"
}
